// Jest Snapshot v1, https://goo.gl/fbAQLP

exports[`Prueba del archivo FirstApp.jsx Debe hacer match con el snapshot. 1`] = `
<div>
   
  <h1
    data-testid="test-title"
  >
     
    Hola soy Goku
     
  </h1>
  <code>
     
    {"message":"Hola Mundo","title":"El gato","text":"internal test text"}
     
  </code>
  <p>
     
    No hay subtitulo
     
  </p>
  <p>
     
    Nilson LoRito
     
  </p>
</div>
`;
